// Jest Snapshot v1, https://goo.gl/fbAQLP

exports[`Well Architected DNS Validated certificate Default dns certificate settings 1`] = `
{
  "Parameters": {
    "BootstrapVersion": {
      "Default": "/cdk-bootstrap/hnb659fds/version",
      "Description": "Version of the CDK Bootstrap resources in this environment, automatically retrieved from SSM Parameter Store. [cdk:skip]",
      "Type": "AWS::SSM::Parameter::Value<String>",
    },
  },
  "Resources": {
    "Certificate4E7ABB08": {
      "DeletionPolicy": "Retain",
      "Properties": {
        "DomainName": "example.com",
        "DomainValidationOptions": [
          {
            "DomainName": "example.com",
            "HostedZoneId": {
              "Ref": "HZoneBA7FEF6F",
            },
          },
        ],
        "Tags": [
          {
            "Key": "CkComponents",
            "Value": "2.128.0",
          },
          {
            "Key": "CkVendor",
            "Value": "CloudKitect",
          },
          {
            "Key": "Name",
            "Value": "Test-Stack/Certificate",
          },
        ],
        "ValidationMethod": "DNS",
      },
      "Type": "AWS::CertificateManager::Certificate",
      "UpdateReplacePolicy": "Retain",
    },
    "HZoneBA7FEF6F": {
      "Properties": {
        "Name": "example.com.",
      },
      "Type": "AWS::Route53::HostedZone",
    },
  },
  "Rules": {
    "CheckBootstrapVersion": {
      "Assertions": [
        {
          "Assert": {
            "Fn::Not": [
              {
                "Fn::Contains": [
                  [
                    "1",
                    "2",
                    "3",
                    "4",
                    "5",
                  ],
                  {
                    "Ref": "BootstrapVersion",
                  },
                ],
              },
            ],
          },
          "AssertDescription": "CDK bootstrap stack version 6 required. Please run 'cdk bootstrap' with a recent version of the CDK CLI.",
        },
      ],
    },
  },
}
`;
