// Jest Snapshot v1, https://goo.gl/fbAQLP

exports[`Well Architected ECS Fargate Cluster CC-80: Fargate Cluster default configuration in production environment 1`] = `
{
  "Parameters": {
    "BootstrapVersion": {
      "Default": "/cdk-bootstrap/hnb659fds/version",
      "Description": "Version of the CDK Bootstrap resources in this environment, automatically retrieved from SSM Parameter Store. [cdk:skip]",
      "Type": "AWS::SSM::Parameter::Value<String>",
    },
  },
  "Resources": {
    "Cluster3DA9CCBA": {
      "Properties": {
        "CapacityProviders": [
          "FARGATE",
          "FARGATE_SPOT",
        ],
        "Cluster": {
          "Ref": "ClusterEB0386A7",
        },
        "DefaultCapacityProviderStrategy": [],
      },
      "Type": "AWS::ECS::ClusterCapacityProviderAssociations",
    },
    "ClusterEB0386A7": {
      "DeletionPolicy": "Retain",
      "Properties": {
        "ClusterSettings": [
          {
            "Name": "containerInsights",
            "Value": "enabled",
          },
        ],
        "Tags": [
          {
            "Key": "CkComponents",
            "Value": "2.128.0",
          },
          {
            "Key": "CkVendor",
            "Value": "CloudKitect",
          },
        ],
      },
      "Type": "AWS::ECS::Cluster",
      "UpdateReplacePolicy": "Retain",
    },
    "CustomVpcRestrictDefaultSGCustomResourceProviderHandlerDC833E5E": {
      "DependsOn": [
        "CustomVpcRestrictDefaultSGCustomResourceProviderRole26592FE0",
      ],
      "Properties": {
        "Code": {
          "S3Bucket": {
            "Fn::Sub": "cdk-hnb659fds-assets-\${AWS::AccountId}-\${AWS::Region}",
          },
          "S3Key": "ee7de53d64cc9d6248fa6aa550f92358f6c907b5efd6f3298aeab1b5e7ea358a.zip",
        },
        "Description": "Lambda function for removing all inbound/outbound rules from the VPC default security group",
        "Handler": "__entrypoint__.handler",
        "MemorySize": 128,
        "Role": {
          "Fn::GetAtt": [
            "CustomVpcRestrictDefaultSGCustomResourceProviderRole26592FE0",
            "Arn",
          ],
        },
        "Runtime": "nodejs18.x",
        "Timeout": 900,
      },
      "Type": "AWS::Lambda::Function",
    },
    "CustomVpcRestrictDefaultSGCustomResourceProviderRole26592FE0": {
      "Properties": {
        "AssumeRolePolicyDocument": {
          "Statement": [
            {
              "Action": "sts:AssumeRole",
              "Effect": "Allow",
              "Principal": {
                "Service": "lambda.amazonaws.com",
              },
            },
          ],
          "Version": "2012-10-17",
        },
        "ManagedPolicyArns": [
          {
            "Fn::Sub": "arn:\${AWS::Partition}:iam::aws:policy/service-role/AWSLambdaBasicExecutionRole",
          },
        ],
        "Policies": [
          {
            "PolicyDocument": {
              "Statement": [
                {
                  "Action": [
                    "ec2:AuthorizeSecurityGroupIngress",
                    "ec2:AuthorizeSecurityGroupEgress",
                    "ec2:RevokeSecurityGroupIngress",
                    "ec2:RevokeSecurityGroupEgress",
                  ],
                  "Effect": "Allow",
                  "Resource": [
                    {
                      "Fn::Join": [
                        "",
                        [
                          "arn:",
                          {
                            "Ref": "AWS::Partition",
                          },
                          ":ec2:",
                          {
                            "Ref": "AWS::Region",
                          },
                          ":",
                          {
                            "Ref": "AWS::AccountId",
                          },
                          ":security-group/",
                          {
                            "Fn::GetAtt": [
                              "Vpc8378EB38",
                              "DefaultSecurityGroup",
                            ],
                          },
                        ],
                      ],
                    },
                  ],
                },
              ],
              "Version": "2012-10-17",
            },
            "PolicyName": "Inline",
          },
        ],
      },
      "Type": "AWS::IAM::Role",
    },
    "Vpc8378EB38": {
      "DeletionPolicy": "Retain",
      "Properties": {
        "CidrBlock": "10.0.0.0/16",
        "EnableDnsHostnames": true,
        "EnableDnsSupport": true,
        "InstanceTenancy": "default",
        "Tags": [
          {
            "Key": "CkComponents",
            "Value": "2.128.0",
          },
          {
            "Key": "CkVendor",
            "Value": "CloudKitect",
          },
          {
            "Key": "Name",
            "Value": "TestStack/Vpc",
          },
        ],
      },
      "Type": "AWS::EC2::VPC",
      "UpdateReplacePolicy": "Retain",
    },
    "VpcIGWD7BA715C": {
      "Properties": {
        "Tags": [
          {
            "Key": "CkComponents",
            "Value": "2.128.0",
          },
          {
            "Key": "CkVendor",
            "Value": "CloudKitect",
          },
          {
            "Key": "Name",
            "Value": "TestStack/Vpc",
          },
        ],
      },
      "Type": "AWS::EC2::InternetGateway",
    },
    "VpcIsolatedSubnet1RouteTable4771E3E5": {
      "Properties": {
        "Tags": [
          {
            "Key": "CkComponents",
            "Value": "2.128.0",
          },
          {
            "Key": "CkVendor",
            "Value": "CloudKitect",
          },
          {
            "Key": "Name",
            "Value": "TestStack/Vpc/IsolatedSubnet1",
          },
        ],
        "VpcId": {
          "Ref": "Vpc8378EB38",
        },
      },
      "Type": "AWS::EC2::RouteTable",
    },
    "VpcIsolatedSubnet1RouteTableAssociationD300FCBB": {
      "Properties": {
        "RouteTableId": {
          "Ref": "VpcIsolatedSubnet1RouteTable4771E3E5",
        },
        "SubnetId": {
          "Ref": "VpcIsolatedSubnet1SubnetE48C5737",
        },
      },
      "Type": "AWS::EC2::SubnetRouteTableAssociation",
    },
    "VpcIsolatedSubnet1SubnetE48C5737": {
      "Properties": {
        "AvailabilityZone": {
          "Fn::Select": [
            0,
            {
              "Fn::GetAZs": "",
            },
          ],
        },
        "CidrBlock": "10.0.4.0/24",
        "MapPublicIpOnLaunch": false,
        "Tags": [
          {
            "Key": "aws-cdk:subnet-name",
            "Value": "Isolated",
          },
          {
            "Key": "aws-cdk:subnet-type",
            "Value": "Isolated",
          },
          {
            "Key": "CkComponents",
            "Value": "2.128.0",
          },
          {
            "Key": "CkVendor",
            "Value": "CloudKitect",
          },
          {
            "Key": "Name",
            "Value": "TestStack/Vpc/IsolatedSubnet1",
          },
        ],
        "VpcId": {
          "Ref": "Vpc8378EB38",
        },
      },
      "Type": "AWS::EC2::Subnet",
    },
    "VpcIsolatedSubnet2RouteTable1D30AF7D": {
      "Properties": {
        "Tags": [
          {
            "Key": "CkComponents",
            "Value": "2.128.0",
          },
          {
            "Key": "CkVendor",
            "Value": "CloudKitect",
          },
          {
            "Key": "Name",
            "Value": "TestStack/Vpc/IsolatedSubnet2",
          },
        ],
        "VpcId": {
          "Ref": "Vpc8378EB38",
        },
      },
      "Type": "AWS::EC2::RouteTable",
    },
    "VpcIsolatedSubnet2RouteTableAssociationF7B18CCA": {
      "Properties": {
        "RouteTableId": {
          "Ref": "VpcIsolatedSubnet2RouteTable1D30AF7D",
        },
        "SubnetId": {
          "Ref": "VpcIsolatedSubnet2Subnet16364B91",
        },
      },
      "Type": "AWS::EC2::SubnetRouteTableAssociation",
    },
    "VpcIsolatedSubnet2Subnet16364B91": {
      "Properties": {
        "AvailabilityZone": {
          "Fn::Select": [
            1,
            {
              "Fn::GetAZs": "",
            },
          ],
        },
        "CidrBlock": "10.0.5.0/24",
        "MapPublicIpOnLaunch": false,
        "Tags": [
          {
            "Key": "aws-cdk:subnet-name",
            "Value": "Isolated",
          },
          {
            "Key": "aws-cdk:subnet-type",
            "Value": "Isolated",
          },
          {
            "Key": "CkComponents",
            "Value": "2.128.0",
          },
          {
            "Key": "CkVendor",
            "Value": "CloudKitect",
          },
          {
            "Key": "Name",
            "Value": "TestStack/Vpc/IsolatedSubnet2",
          },
        ],
        "VpcId": {
          "Ref": "Vpc8378EB38",
        },
      },
      "Type": "AWS::EC2::Subnet",
    },
    "VpcPrivateSubnet1DefaultRouteBE02A9ED": {
      "Properties": {
        "DestinationCidrBlock": "0.0.0.0/0",
        "NatGatewayId": {
          "Ref": "VpcPublicSubnet1NATGateway4D7517AA",
        },
        "RouteTableId": {
          "Ref": "VpcPrivateSubnet1RouteTableB2C5B500",
        },
      },
      "Type": "AWS::EC2::Route",
    },
    "VpcPrivateSubnet1RouteTableAssociation70C59FA6": {
      "Properties": {
        "RouteTableId": {
          "Ref": "VpcPrivateSubnet1RouteTableB2C5B500",
        },
        "SubnetId": {
          "Ref": "VpcPrivateSubnet1Subnet536B997A",
        },
      },
      "Type": "AWS::EC2::SubnetRouteTableAssociation",
    },
    "VpcPrivateSubnet1RouteTableB2C5B500": {
      "Properties": {
        "Tags": [
          {
            "Key": "CkComponents",
            "Value": "2.128.0",
          },
          {
            "Key": "CkVendor",
            "Value": "CloudKitect",
          },
          {
            "Key": "Name",
            "Value": "TestStack/Vpc/PrivateSubnet1",
          },
        ],
        "VpcId": {
          "Ref": "Vpc8378EB38",
        },
      },
      "Type": "AWS::EC2::RouteTable",
    },
    "VpcPrivateSubnet1Subnet536B997A": {
      "Properties": {
        "AvailabilityZone": {
          "Fn::Select": [
            0,
            {
              "Fn::GetAZs": "",
            },
          ],
        },
        "CidrBlock": "10.0.2.0/24",
        "MapPublicIpOnLaunch": false,
        "Tags": [
          {
            "Key": "aws-cdk:subnet-name",
            "Value": "Private",
          },
          {
            "Key": "aws-cdk:subnet-type",
            "Value": "Private",
          },
          {
            "Key": "CkComponents",
            "Value": "2.128.0",
          },
          {
            "Key": "CkVendor",
            "Value": "CloudKitect",
          },
          {
            "Key": "Name",
            "Value": "TestStack/Vpc/PrivateSubnet1",
          },
        ],
        "VpcId": {
          "Ref": "Vpc8378EB38",
        },
      },
      "Type": "AWS::EC2::Subnet",
    },
    "VpcPrivateSubnet2DefaultRoute060D2087": {
      "Properties": {
        "DestinationCidrBlock": "0.0.0.0/0",
        "NatGatewayId": {
          "Ref": "VpcPublicSubnet2NATGateway9182C01D",
        },
        "RouteTableId": {
          "Ref": "VpcPrivateSubnet2RouteTableA678073B",
        },
      },
      "Type": "AWS::EC2::Route",
    },
    "VpcPrivateSubnet2RouteTableA678073B": {
      "Properties": {
        "Tags": [
          {
            "Key": "CkComponents",
            "Value": "2.128.0",
          },
          {
            "Key": "CkVendor",
            "Value": "CloudKitect",
          },
          {
            "Key": "Name",
            "Value": "TestStack/Vpc/PrivateSubnet2",
          },
        ],
        "VpcId": {
          "Ref": "Vpc8378EB38",
        },
      },
      "Type": "AWS::EC2::RouteTable",
    },
    "VpcPrivateSubnet2RouteTableAssociationA89CAD56": {
      "Properties": {
        "RouteTableId": {
          "Ref": "VpcPrivateSubnet2RouteTableA678073B",
        },
        "SubnetId": {
          "Ref": "VpcPrivateSubnet2Subnet3788AAA1",
        },
      },
      "Type": "AWS::EC2::SubnetRouteTableAssociation",
    },
    "VpcPrivateSubnet2Subnet3788AAA1": {
      "Properties": {
        "AvailabilityZone": {
          "Fn::Select": [
            1,
            {
              "Fn::GetAZs": "",
            },
          ],
        },
        "CidrBlock": "10.0.3.0/24",
        "MapPublicIpOnLaunch": false,
        "Tags": [
          {
            "Key": "aws-cdk:subnet-name",
            "Value": "Private",
          },
          {
            "Key": "aws-cdk:subnet-type",
            "Value": "Private",
          },
          {
            "Key": "CkComponents",
            "Value": "2.128.0",
          },
          {
            "Key": "CkVendor",
            "Value": "CloudKitect",
          },
          {
            "Key": "Name",
            "Value": "TestStack/Vpc/PrivateSubnet2",
          },
        ],
        "VpcId": {
          "Ref": "Vpc8378EB38",
        },
      },
      "Type": "AWS::EC2::Subnet",
    },
    "VpcPublicSubnet1DefaultRoute3DA9E72A": {
      "DependsOn": [
        "VpcVPCGWBF912B6E",
      ],
      "Properties": {
        "DestinationCidrBlock": "0.0.0.0/0",
        "GatewayId": {
          "Ref": "VpcIGWD7BA715C",
        },
        "RouteTableId": {
          "Ref": "VpcPublicSubnet1RouteTable6C95E38E",
        },
      },
      "Type": "AWS::EC2::Route",
    },
    "VpcPublicSubnet1EIPD7E02669": {
      "Properties": {
        "Domain": "vpc",
        "Tags": [
          {
            "Key": "CkComponents",
            "Value": "2.128.0",
          },
          {
            "Key": "CkVendor",
            "Value": "CloudKitect",
          },
          {
            "Key": "Name",
            "Value": "TestStack/Vpc/PublicSubnet1",
          },
        ],
      },
      "Type": "AWS::EC2::EIP",
    },
    "VpcPublicSubnet1NATGateway4D7517AA": {
      "DependsOn": [
        "VpcPublicSubnet1DefaultRoute3DA9E72A",
        "VpcPublicSubnet1RouteTableAssociation97140677",
      ],
      "Properties": {
        "AllocationId": {
          "Fn::GetAtt": [
            "VpcPublicSubnet1EIPD7E02669",
            "AllocationId",
          ],
        },
        "SubnetId": {
          "Ref": "VpcPublicSubnet1Subnet5C2D37C4",
        },
        "Tags": [
          {
            "Key": "CkComponents",
            "Value": "2.128.0",
          },
          {
            "Key": "CkVendor",
            "Value": "CloudKitect",
          },
          {
            "Key": "Name",
            "Value": "TestStack/Vpc/PublicSubnet1",
          },
        ],
      },
      "Type": "AWS::EC2::NatGateway",
    },
    "VpcPublicSubnet1RouteTable6C95E38E": {
      "Properties": {
        "Tags": [
          {
            "Key": "CkComponents",
            "Value": "2.128.0",
          },
          {
            "Key": "CkVendor",
            "Value": "CloudKitect",
          },
          {
            "Key": "Name",
            "Value": "TestStack/Vpc/PublicSubnet1",
          },
        ],
        "VpcId": {
          "Ref": "Vpc8378EB38",
        },
      },
      "Type": "AWS::EC2::RouteTable",
    },
    "VpcPublicSubnet1RouteTableAssociation97140677": {
      "Properties": {
        "RouteTableId": {
          "Ref": "VpcPublicSubnet1RouteTable6C95E38E",
        },
        "SubnetId": {
          "Ref": "VpcPublicSubnet1Subnet5C2D37C4",
        },
      },
      "Type": "AWS::EC2::SubnetRouteTableAssociation",
    },
    "VpcPublicSubnet1Subnet5C2D37C4": {
      "Properties": {
        "AvailabilityZone": {
          "Fn::Select": [
            0,
            {
              "Fn::GetAZs": "",
            },
          ],
        },
        "CidrBlock": "10.0.0.0/24",
        "MapPublicIpOnLaunch": true,
        "Tags": [
          {
            "Key": "aws-cdk:subnet-name",
            "Value": "Public",
          },
          {
            "Key": "aws-cdk:subnet-type",
            "Value": "Public",
          },
          {
            "Key": "CkComponents",
            "Value": "2.128.0",
          },
          {
            "Key": "CkVendor",
            "Value": "CloudKitect",
          },
          {
            "Key": "Name",
            "Value": "TestStack/Vpc/PublicSubnet1",
          },
        ],
        "VpcId": {
          "Ref": "Vpc8378EB38",
        },
      },
      "Type": "AWS::EC2::Subnet",
    },
    "VpcPublicSubnet2DefaultRoute97F91067": {
      "DependsOn": [
        "VpcVPCGWBF912B6E",
      ],
      "Properties": {
        "DestinationCidrBlock": "0.0.0.0/0",
        "GatewayId": {
          "Ref": "VpcIGWD7BA715C",
        },
        "RouteTableId": {
          "Ref": "VpcPublicSubnet2RouteTable94F7E489",
        },
      },
      "Type": "AWS::EC2::Route",
    },
    "VpcPublicSubnet2EIP3C605A87": {
      "Properties": {
        "Domain": "vpc",
        "Tags": [
          {
            "Key": "CkComponents",
            "Value": "2.128.0",
          },
          {
            "Key": "CkVendor",
            "Value": "CloudKitect",
          },
          {
            "Key": "Name",
            "Value": "TestStack/Vpc/PublicSubnet2",
          },
        ],
      },
      "Type": "AWS::EC2::EIP",
    },
    "VpcPublicSubnet2NATGateway9182C01D": {
      "DependsOn": [
        "VpcPublicSubnet2DefaultRoute97F91067",
        "VpcPublicSubnet2RouteTableAssociationDD5762D8",
      ],
      "Properties": {
        "AllocationId": {
          "Fn::GetAtt": [
            "VpcPublicSubnet2EIP3C605A87",
            "AllocationId",
          ],
        },
        "SubnetId": {
          "Ref": "VpcPublicSubnet2Subnet691E08A3",
        },
        "Tags": [
          {
            "Key": "CkComponents",
            "Value": "2.128.0",
          },
          {
            "Key": "CkVendor",
            "Value": "CloudKitect",
          },
          {
            "Key": "Name",
            "Value": "TestStack/Vpc/PublicSubnet2",
          },
        ],
      },
      "Type": "AWS::EC2::NatGateway",
    },
    "VpcPublicSubnet2RouteTable94F7E489": {
      "Properties": {
        "Tags": [
          {
            "Key": "CkComponents",
            "Value": "2.128.0",
          },
          {
            "Key": "CkVendor",
            "Value": "CloudKitect",
          },
          {
            "Key": "Name",
            "Value": "TestStack/Vpc/PublicSubnet2",
          },
        ],
        "VpcId": {
          "Ref": "Vpc8378EB38",
        },
      },
      "Type": "AWS::EC2::RouteTable",
    },
    "VpcPublicSubnet2RouteTableAssociationDD5762D8": {
      "Properties": {
        "RouteTableId": {
          "Ref": "VpcPublicSubnet2RouteTable94F7E489",
        },
        "SubnetId": {
          "Ref": "VpcPublicSubnet2Subnet691E08A3",
        },
      },
      "Type": "AWS::EC2::SubnetRouteTableAssociation",
    },
    "VpcPublicSubnet2Subnet691E08A3": {
      "Properties": {
        "AvailabilityZone": {
          "Fn::Select": [
            1,
            {
              "Fn::GetAZs": "",
            },
          ],
        },
        "CidrBlock": "10.0.1.0/24",
        "MapPublicIpOnLaunch": true,
        "Tags": [
          {
            "Key": "aws-cdk:subnet-name",
            "Value": "Public",
          },
          {
            "Key": "aws-cdk:subnet-type",
            "Value": "Public",
          },
          {
            "Key": "CkComponents",
            "Value": "2.128.0",
          },
          {
            "Key": "CkVendor",
            "Value": "CloudKitect",
          },
          {
            "Key": "Name",
            "Value": "TestStack/Vpc/PublicSubnet2",
          },
        ],
        "VpcId": {
          "Ref": "Vpc8378EB38",
        },
      },
      "Type": "AWS::EC2::Subnet",
    },
    "VpcRestrictDefaultSecurityGroupCustomResourceC73DA2BE": {
      "DeletionPolicy": "Delete",
      "Properties": {
        "Account": {
          "Ref": "AWS::AccountId",
        },
        "DefaultSecurityGroupId": {
          "Fn::GetAtt": [
            "Vpc8378EB38",
            "DefaultSecurityGroup",
          ],
        },
        "ServiceToken": {
          "Fn::GetAtt": [
            "CustomVpcRestrictDefaultSGCustomResourceProviderHandlerDC833E5E",
            "Arn",
          ],
        },
      },
      "Type": "Custom::VpcRestrictDefaultSG",
      "UpdateReplacePolicy": "Delete",
    },
    "VpcVPCGWBF912B6E": {
      "Properties": {
        "InternetGatewayId": {
          "Ref": "VpcIGWD7BA715C",
        },
        "VpcId": {
          "Ref": "Vpc8378EB38",
        },
      },
      "Type": "AWS::EC2::VPCGatewayAttachment",
    },
  },
  "Rules": {
    "CheckBootstrapVersion": {
      "Assertions": [
        {
          "Assert": {
            "Fn::Not": [
              {
                "Fn::Contains": [
                  [
                    "1",
                    "2",
                    "3",
                    "4",
                    "5",
                  ],
                  {
                    "Ref": "BootstrapVersion",
                  },
                ],
              },
            ],
          },
          "AssertDescription": "CDK bootstrap stack version 6 required. Please run 'cdk bootstrap' with a recent version of the CDK CLI.",
        },
      ],
    },
  },
}
`;
