// Jest Snapshot v1, https://goo.gl/fbAQLP

exports[`Well Architected ECS Fargate Task Definition default fargate task definition 1`] = `
{
  "Parameters": {
    "BootstrapVersion": {
      "Default": "/cdk-bootstrap/hnb659fds/version",
      "Description": "Version of the CDK Bootstrap resources in this environment, automatically retrieved from SSM Parameter Store. [cdk:skip]",
      "Type": "AWS::SSM::Parameter::Value<String>",
    },
  },
  "Resources": {
    "FGTaskDef8280256D": {
      "DeletionPolicy": "Retain",
      "Properties": {
        "Cpu": "2048",
        "EphemeralStorage": {
          "SizeInGiB": 50,
        },
        "Family": "TestStackFGTaskDef8D72F2AF",
        "Memory": "4096",
        "NetworkMode": "awsvpc",
        "RequiresCompatibilities": [
          "FARGATE",
        ],
        "Tags": [
          {
            "Key": "CkComponents",
            "Value": "2.128.0",
          },
          {
            "Key": "CkVendor",
            "Value": "CloudKitect",
          },
        ],
        "TaskRoleArn": {
          "Fn::GetAtt": [
            "FGTaskDefTaskRoleAD31370C",
            "Arn",
          ],
        },
      },
      "Type": "AWS::ECS::TaskDefinition",
      "UpdateReplacePolicy": "Retain",
    },
    "FGTaskDefTaskRoleAD31370C": {
      "Properties": {
        "AssumeRolePolicyDocument": {
          "Statement": [
            {
              "Action": "sts:AssumeRole",
              "Effect": "Allow",
              "Principal": {
                "Service": "ecs-tasks.amazonaws.com",
              },
            },
          ],
          "Version": "2012-10-17",
        },
        "Tags": [
          {
            "Key": "CkComponents",
            "Value": "2.128.0",
          },
          {
            "Key": "CkVendor",
            "Value": "CloudKitect",
          },
        ],
      },
      "Type": "AWS::IAM::Role",
    },
  },
  "Rules": {
    "CheckBootstrapVersion": {
      "Assertions": [
        {
          "Assert": {
            "Fn::Not": [
              {
                "Fn::Contains": [
                  [
                    "1",
                    "2",
                    "3",
                    "4",
                    "5",
                  ],
                  {
                    "Ref": "BootstrapVersion",
                  },
                ],
              },
            ],
          },
          "AssertDescription": "CDK bootstrap stack version 6 required. Please run 'cdk bootstrap' with a recent version of the CDK CLI.",
        },
      ],
    },
  },
}
`;
